applicationName
builtInExtensions
builtInExtensionsEnabledWithAutoUpdates
commit
dataFolderName
date
defaultChatAgent
enableTelemetry
licenseFileName
licenseName
licenseUrl
linkProtectionTrustedDomains
nameLong
nameShort
nlsMetadataHash
onboardingKeymaps
onboardingThemes
quality
reportIssueUrl
serverApplicationName
serverDataFolderName
serverGreeting
serverLicense
serverLicensePrompt
serverLicenseUrl
sessionsWindowAllowedExtensions
sharedDataFolderName
telemetryOptIn
trustedExtensionAuthAccess
urlProtocol
version
